2025/03/28 10:06:50 INFO: Twitter solver URL: 
2025/03/28 10:06:50 INFO: Linera path: 
2025/03/28 10:06:50 INFO: Starting server on :3005
2025/03/28 10:07:43 DEBUG: Generated PKCE - Verifier: lWQNonzp8Z8gA4KPUnrwWbUVpOoxgaJoUMO_VYT9_j8, Challenge: BchLhHtiBYAPQtyTkWy_h11ZFot4zhEzyu9ooom_CbA, State: 8oaZChnqCUJjyX5SdKT94g-2GHPSWTRSgwqRwx1wNTQ
2025/03/28 10:07:43 INFO: Stored code verifier for state: 8oaZChnqCUJjyX5SdKT94g-2GHPSWTRSgwqRwx1wNTQ
2025/03/28 10:07:43 INFO: GET /twitter/auth 200 3.16780375s
2025/03/28 10:08:17 INFO: Twitter solver URL: 
2025/03/28 10:08:17 INFO: Linera path: 
2025/03/28 10:08:17 INFO: Starting server on :3005
2025/03/28 10:08:37 DEBUG: Generated PKCE - Verifier: mTTuMxSbpC_JyLk6-SGZKyv-3dE8lRwIl-a9Drs4aHY, Challenge: If0DYpL_IsgUfF8yKCZ69gfWvVmuu7cQkb64CCLcQEM, State: l94yDTV3mc5HhqxFn-IvzEA_IZA5nvvt2I7HYznq5ZU
2025/03/28 10:08:37 INFO: Stored code verifier for state: l94yDTV3mc5HhqxFn-IvzEA_IZA5nvvt2I7HYznq5ZU
2025/03/28 10:08:37 INFO: GET /twitter/auth 200 914.667µs
2025/03/28 10:09:11 INFO: OPTIONS /latest_tweet 405 135.708µs
2025/03/28 10:09:11 INFO: OPTIONS /latest_tweet 405 945.417µs
2025/03/28 10:09:11 ERROR: Failed to fetch latest tweet: failed to get latest tweet: not authenticated
2025/03/28 10:09:11 INFO: GET /latest_tweet 500 94.334µs
2025/03/28 10:09:11 ERROR: Failed to fetch latest tweet: failed to get latest tweet: not authenticated
2025/03/28 10:09:11 INFO: GET /latest_tweet 500 236.625µs
2025/03/28 10:09:13 DEBUG: Generated PKCE - Verifier: Cj4oVZR2tePXLKyVZfJ1E3f1aqCkghvjX9o971-Y2H8, Challenge: -kMb-G6sYX9QF0y5VzciHbCoLxemcgcSgkqyPfJ9HQA, State: tzaFz7GGiRB6VuTkqpsvBotx7Hp8XM18bsWGjgoN3nc
2025/03/28 10:09:13 INFO: Stored code verifier for state: tzaFz7GGiRB6VuTkqpsvBotx7Hp8XM18bsWGjgoN3nc
2025/03/28 10:09:13 INFO: GET /twitter/auth 200 298.959µs
2025/03/28 10:09:16 ERROR: Failed to fetch latest tweet: failed to get latest tweet: not authenticated
2025/03/28 10:09:16 INFO: GET /latest_tweet 500 128.792µs
2025/03/28 10:09:16 ERROR: Failed to fetch latest tweet: failed to get latest tweet: not authenticated
2025/03/28 10:09:16 INFO: GET /latest_tweet 500 29µs
