2025/03/27 09:20:24 INFO: Twitter solver URL: 
2025/03/27 09:20:24 INFO: Linera path: 
2025/03/27 09:20:24 INFO: Starting server on :8080
2025/03/27 09:20:30 DEBUG: Generated PKCE - Verifier: 7jfXKdGVoy2mgRTsAumd8fBssoqeB84u8Efx1h8JF1Y, Challenge: O7bRddwJJ8_g8njUow6o_J0U0i2xJ0dsXpia2JCqscU, State: dGIx7fPkEww6q0DcR5yUWb671fRedKaAUyyyMuDj3kk
2025/03/27 09:20:30 INFO: Stored code verifier for state: dGIx7fPkEww6q0DcR5yUWb671fRedKaAUyyyMuDj3kk
2025/03/27 09:20:30 INFO: GET /twitter/auth 200 457.667µs
2025/03/27 09:20:54 DEBUG: Generated PKCE - Verifier: IpyLgY_mXTi1DQ6xK3KKPM4-N_v5ILjAhkIcLFt6yGo, Challenge: x4Nn7z1SHhGdFqKpwjiut3QP66JsPQUcGbhSNvzobSA, State: Y4CFJ6G_oNmnHG8_zyB3EtM8sd8hXZzty9z21PES_wE
2025/03/27 09:20:54 INFO: Stored code verifier for state: Y4CFJ6G_oNmnHG8_zyB3EtM8sd8hXZzty9z21PES_wE
2025/03/27 09:20:54 INFO: GET /twitter/auth 200 1.309834ms
2025/03/27 09:20:58 INFO: Received callback with state: Y4CFJ6G_oNmnHG8_zyB3EtM8sd8hXZzty9z21PES_wE, code length: 91
2025/03/27 09:20:58 INFO: Found code verifier for state: Y4CFJ6G_oNmnHG8_zyB3EtM8sd8hXZzty9z21PES_wE
2025/03/27 09:20:58 INFO: Starting token exchange with code length: 91
2025/03/27 09:20:58 DEBUG: Token exchange request data: map[code:[alBhUGtOUnlpTUVTNGpFbFpwSno3eWNzRHBrTDZzcUt3dTQtTF9fR3lVS21YOjE3NDMwNDc0NTY2MzA6MTowOmFjOjE] code_verifier:[IpyLgY_mXTi1DQ6xK3KKPM4-N_v5ILjAhkIcLFt6yGo] grant_type:[authorization_code] redirect_uri:[http://localhost:5173/twitter/callback]]
2025/03/27 09:20:58 DEBUG: Token exchange request headers: map[Authorization:[Basic WVZwRmREUmZNME0wWXpGNVRXeEVTMHQ2VlhBNk1UcGphUTpMOXJXUGhES1V6U3RfVWJzTTB6amptQWFXMVEyMVNxeC03SlVXVEpsVW1BcTlIb2t3Ng==] Content-Type:[application/x-www-form-urlencoded]]
2025/03/27 09:20:58 INFO: Received callback with state: Y4CFJ6G_oNmnHG8_zyB3EtM8sd8hXZzty9z21PES_wE, code length: 91
2025/03/27 09:20:58 INFO: Found code verifier for state: Y4CFJ6G_oNmnHG8_zyB3EtM8sd8hXZzty9z21PES_wE
2025/03/27 09:20:58 INFO: Starting token exchange with code length: 91
2025/03/27 09:20:58 DEBUG: Token exchange request data: map[code:[alBhUGtOUnlpTUVTNGpFbFpwSno3eWNzRHBrTDZzcUt3dTQtTF9fR3lVS21YOjE3NDMwNDc0NTY2MzA6MTowOmFjOjE] code_verifier:[IpyLgY_mXTi1DQ6xK3KKPM4-N_v5ILjAhkIcLFt6yGo] grant_type:[authorization_code] redirect_uri:[http://localhost:5173/twitter/callback]]
2025/03/27 09:20:58 DEBUG: Token exchange request headers: map[Authorization:[Basic WVZwRmREUmZNME0wWXpGNVRXeEVTMHQ2VlhBNk1UcGphUTpMOXJXUGhES1V6U3RfVWJzTTB6amptQWFXMVEyMVNxeC03SlVXVEpsVW1BcTlIb2t3Ng==] Content-Type:[application/x-www-form-urlencoded]]
2025/03/27 09:20:59 DEBUG: Token exchange response status: 400, body: {"error":"invalid_request","error_description":"Value passed for the authorization code was invalid."}
2025/03/27 09:20:59 ERROR: Token exchange failed: invalid_request - Value passed for the authorization code was invalid.
2025/03/27 09:20:59 ERROR: Failed to exchange code for token: token exchange failed: invalid_request - Value passed for the authorization code was invalid.
2025/03/27 09:20:59 INFO: OPTIONS /twitter/callback 500 513.711ms
2025/03/27 09:20:59 INFO: Received callback with state: Y4CFJ6G_oNmnHG8_zyB3EtM8sd8hXZzty9z21PES_wE, code length: 91
2025/03/27 09:20:59 INFO: Found code verifier for state: Y4CFJ6G_oNmnHG8_zyB3EtM8sd8hXZzty9z21PES_wE
2025/03/27 09:20:59 INFO: Starting token exchange with code length: 91
2025/03/27 09:20:59 DEBUG: Token exchange request data: map[code:[alBhUGtOUnlpTUVTNGpFbFpwSno3eWNzRHBrTDZzcUt3dTQtTF9fR3lVS21YOjE3NDMwNDc0NTY2MzA6MTowOmFjOjE] code_verifier:[IpyLgY_mXTi1DQ6xK3KKPM4-N_v5ILjAhkIcLFt6yGo] grant_type:[authorization_code] redirect_uri:[http://localhost:5173/twitter/callback]]
2025/03/27 09:20:59 DEBUG: Token exchange request headers: map[Authorization:[Basic WVZwRmREUmZNME0wWXpGNVRXeEVTMHQ2VlhBNk1UcGphUTpMOXJXUGhES1V6U3RfVWJzTTB6amptQWFXMVEyMVNxeC03SlVXVEpsVW1BcTlIb2t3Ng==] Content-Type:[application/x-www-form-urlencoded]]
2025/03/27 09:20:59 DEBUG: Token exchange response status: 200, body: {"token_type":"bearer","expires_in":7200,"access_token":"Z2FEaUc2cFN3STZqVkFwa2hYT3FPQktVNlh1ckUtdzVkM3dpWHlBS3U5Q0VDOjE3NDMwNDc0NTkyODM6MToxOmF0OjE","scope":"tweet.write users.read tweet.read"}
2025/03/27 09:20:59 INFO: Successfully exchanged code for token. Expires in: 7200 seconds
2025/03/27 09:20:59 INFO: Successfully exchanged code for token and cleaned up state: Y4CFJ6G_oNmnHG8_zyB3EtM8sd8hXZzty9z21PES_wE
2025/03/27 09:20:59 INFO: OPTIONS /twitter/callback 200 587.991625ms
2025/03/27 09:20:59 INFO: Received callback with state: Y4CFJ6G_oNmnHG8_zyB3EtM8sd8hXZzty9z21PES_wE, code length: 91
2025/03/27 09:20:59 INFO: State Y4CFJ6G_oNmnHG8_zyB3EtM8sd8hXZzty9z21PES_wE already processed, returning success
2025/03/27 09:20:59 INFO: POST /twitter/callback 200 199.958µs
2025/03/27 09:20:59 INFO: OPTIONS /latest_tweet 405 74.417µs
2025/03/27 09:20:59 INFO: OPTIONS /latest_tweet 405 69.958µs
2025/03/27 09:20:59 DEBUG: Token exchange response status: 400, body: {"error":"invalid_request","error_description":"Value passed for the authorization code was invalid."}
2025/03/27 09:20:59 ERROR: Token exchange failed: invalid_request - Value passed for the authorization code was invalid.
2025/03/27 09:20:59 ERROR: Failed to exchange code for token: token exchange failed: invalid_request - Value passed for the authorization code was invalid.
2025/03/27 09:20:59 INFO: POST /twitter/callback 500 324.070583ms
2025/03/27 09:21:00 INFO: GET /latest_tweet 200 609.174083ms
2025/03/27 09:21:00 INFO: GET /latest_tweet 200 611.862375ms
2025/03/27 09:21:15 INFO: OPTIONS /take_screenshot 405 92.917µs
2025/03/27 09:25:30 INFO: Cleaned up code verifier for state: dGIx7fPkEww6q0DcR5yUWb671fRedKaAUyyyMuDj3kk
2025/03/27 09:25:54 INFO: Cleaned up code verifier for state: Y4CFJ6G_oNmnHG8_zyB3EtM8sd8hXZzty9z21PES_wE
2025/03/27 09:34:05 INFO: Twitter solver URL: 
2025/03/27 09:34:05 INFO: Linera path: 
2025/03/27 09:34:05 INFO: Starting server on :8080
2025/03/27 09:34:25 DEBUG: Generated PKCE - Verifier: raEe5DRdrSoeeekOHzBldjTQpKJM1frX05iLrWwRJ7w, Challenge: MYhVi0ln2odRTlm7xvfNPik59Q4NgqbXlQuJC3LAYyM, State: pe4lE7xA5uAIrGGxFyP-0NQvORBvGay5uIgOVqdhstI
2025/03/27 09:34:25 INFO: Stored code verifier for state: pe4lE7xA5uAIrGGxFyP-0NQvORBvGay5uIgOVqdhstI
2025/03/27 09:34:25 INFO: GET /twitter/auth 200 1.668458ms
2025/03/27 09:34:36 INFO: Received callback with state: pe4lE7xA5uAIrGGxFyP-0NQvORBvGay5uIgOVqdhstI, code length: 91
2025/03/27 09:34:36 INFO: Found code verifier for state: pe4lE7xA5uAIrGGxFyP-0NQvORBvGay5uIgOVqdhstI
2025/03/27 09:34:36 INFO: Starting token exchange with code length: 91
2025/03/27 09:34:36 DEBUG: Token exchange request data: map[code:[dHZSeHBuby1HX3pRN3NUaVN2SUdaRUU4QnQ2d09LLXZQUVh3ME1KaDNIV1dqOjE3NDMwNDgyNjc2NjI6MToxOmFjOjE] code_verifier:[raEe5DRdrSoeeekOHzBldjTQpKJM1frX05iLrWwRJ7w] grant_type:[authorization_code] redirect_uri:[http://localhost:5173/twitter/callback]]
2025/03/27 09:34:36 DEBUG: Token exchange request headers: map[Authorization:[Basic WVZwRmREUmZNME0wWXpGNVRXeEVTMHQ2VlhBNk1UcGphUTpMOXJXUGhES1V6U3RfVWJzTTB6amptQWFXMVEyMVNxeC03SlVXVEpsVW1BcTlIb2t3Ng==] Content-Type:[application/x-www-form-urlencoded]]
2025/03/27 09:34:36 INFO: Received callback with state: pe4lE7xA5uAIrGGxFyP-0NQvORBvGay5uIgOVqdhstI, code length: 91
2025/03/27 09:34:36 INFO: Found code verifier for state: pe4lE7xA5uAIrGGxFyP-0NQvORBvGay5uIgOVqdhstI
2025/03/27 09:34:36 INFO: Starting token exchange with code length: 91
2025/03/27 09:34:36 DEBUG: Token exchange request data: map[code:[dHZSeHBuby1HX3pRN3NUaVN2SUdaRUU4QnQ2d09LLXZQUVh3ME1KaDNIV1dqOjE3NDMwNDgyNjc2NjI6MToxOmFjOjE] code_verifier:[raEe5DRdrSoeeekOHzBldjTQpKJM1frX05iLrWwRJ7w] grant_type:[authorization_code] redirect_uri:[http://localhost:5173/twitter/callback]]
2025/03/27 09:34:36 DEBUG: Token exchange request headers: map[Authorization:[Basic WVZwRmREUmZNME0wWXpGNVRXeEVTMHQ2VlhBNk1UcGphUTpMOXJXUGhES1V6U3RfVWJzTTB6amptQWFXMVEyMVNxeC03SlVXVEpsVW1BcTlIb2t3Ng==] Content-Type:[application/x-www-form-urlencoded]]
2025/03/27 09:34:37 DEBUG: Token exchange response status: 400, body: {"error":"invalid_request","error_description":"Value passed for the authorization code was invalid."}
2025/03/27 09:34:37 ERROR: Token exchange failed: invalid_request - Value passed for the authorization code was invalid.
2025/03/27 09:34:37 ERROR: Failed to exchange code for token: token exchange failed: invalid_request - Value passed for the authorization code was invalid.
2025/03/27 09:34:37 INFO: OPTIONS /twitter/callback 500 754.368166ms
2025/03/27 09:34:37 INFO: Received callback with state: pe4lE7xA5uAIrGGxFyP-0NQvORBvGay5uIgOVqdhstI, code length: 91
2025/03/27 09:34:37 INFO: Found code verifier for state: pe4lE7xA5uAIrGGxFyP-0NQvORBvGay5uIgOVqdhstI
2025/03/27 09:34:37 INFO: Starting token exchange with code length: 91
2025/03/27 09:34:37 DEBUG: Token exchange request data: map[code:[dHZSeHBuby1HX3pRN3NUaVN2SUdaRUU4QnQ2d09LLXZQUVh3ME1KaDNIV1dqOjE3NDMwNDgyNjc2NjI6MToxOmFjOjE] code_verifier:[raEe5DRdrSoeeekOHzBldjTQpKJM1frX05iLrWwRJ7w] grant_type:[authorization_code] redirect_uri:[http://localhost:5173/twitter/callback]]
2025/03/27 09:34:37 DEBUG: Token exchange request headers: map[Authorization:[Basic WVZwRmREUmZNME0wWXpGNVRXeEVTMHQ2VlhBNk1UcGphUTpMOXJXUGhES1V6U3RfVWJzTTB6amptQWFXMVEyMVNxeC03SlVXVEpsVW1BcTlIb2t3Ng==] Content-Type:[application/x-www-form-urlencoded]]
2025/03/27 09:34:37 DEBUG: Token exchange response status: 200, body: {"token_type":"bearer","expires_in":7200,"access_token":"SDVFZUg1OFBoVmhWQV9fN3pHbU5OUU5VUzlWdG1GNXRFdkczTVVVUkl2Ym5ZOjE3NDMwNDgyNzcxMjQ6MTowOmF0OjE","scope":"tweet.write users.read tweet.read"}
2025/03/27 09:34:37 INFO: Successfully exchanged code for token. Expires in: 7200 seconds
2025/03/27 09:34:37 INFO: Successfully exchanged code for token and cleaned up state: pe4lE7xA5uAIrGGxFyP-0NQvORBvGay5uIgOVqdhstI
2025/03/27 09:34:37 INFO: OPTIONS /twitter/callback 200 883.235709ms
2025/03/27 09:34:37 INFO: Received callback with state: pe4lE7xA5uAIrGGxFyP-0NQvORBvGay5uIgOVqdhstI, code length: 91
2025/03/27 09:34:37 INFO: State pe4lE7xA5uAIrGGxFyP-0NQvORBvGay5uIgOVqdhstI already processed, returning success
2025/03/27 09:34:37 INFO: POST /twitter/callback 200 141.791µs
2025/03/27 09:34:37 INFO: OPTIONS /latest_tweet 405 89.959µs
2025/03/27 09:34:37 INFO: OPTIONS /latest_tweet 405 67.125µs
2025/03/27 09:34:37 DEBUG: Token exchange response status: 400, body: {"error":"invalid_request","error_description":"Value passed for the authorization code was invalid."}
2025/03/27 09:34:37 ERROR: Token exchange failed: invalid_request - Value passed for the authorization code was invalid.
2025/03/27 09:34:37 ERROR: Failed to exchange code for token: token exchange failed: invalid_request - Value passed for the authorization code was invalid.
2025/03/27 09:34:37 INFO: POST /twitter/callback 500 403.608958ms
2025/03/27 09:34:37 INFO: GET /latest_tweet 200 632.828458ms
2025/03/27 09:34:37 INFO: GET /latest_tweet 200 648.625583ms
2025/03/27 09:34:40 INFO: OPTIONS /take_screenshot 405 101.416µs
2025/03/27 09:35:44 ERROR: Failed to take screenshot: TweetPik API error: {"url":"https://ik.imagekit.io/tweetpik/test/1904490372023386458-test-v2.png?created_at=1743048298425"}
2025/03/27 09:35:44 INFO: POST /take_screenshot 500 1m4.608505417s
2025/03/27 09:39:02 DEBUG: Generated PKCE - Verifier: e531UO3F7dshs1W2zVC9RizkuuPBaO_DfR_Ig8n00BI, Challenge: 26dSFwQ1j2BDZwlIKKlX2CyB83RweydNbaCkxJLZ46o, State: 8DyeJJ711LPs-QNymcvp_fePuDfpqcOVLoTg4pz9n6o
2025/03/27 09:39:02 INFO: Stored code verifier for state: 8DyeJJ711LPs-QNymcvp_fePuDfpqcOVLoTg4pz9n6o
2025/03/27 09:39:02 INFO: GET /twitter/auth 200 1.580208ms
2025/03/27 09:39:07 INFO: Received callback with state: 8DyeJJ711LPs-QNymcvp_fePuDfpqcOVLoTg4pz9n6o, code length: 91
2025/03/27 09:39:07 INFO: Found code verifier for state: 8DyeJJ711LPs-QNymcvp_fePuDfpqcOVLoTg4pz9n6o
2025/03/27 09:39:07 INFO: Starting token exchange with code length: 91
2025/03/27 09:39:07 DEBUG: Token exchange request data: map[code:[dmMtR0ltSnhYM1N0bG9XNWRrMmhMR0ZYa2hSdVktZVYtQVcxNTA3VUtpNElWOjE3NDMwNDg1NDQzODU6MTowOmFjOjE] code_verifier:[e531UO3F7dshs1W2zVC9RizkuuPBaO_DfR_Ig8n00BI] grant_type:[authorization_code] redirect_uri:[http://localhost:5173/twitter/callback]]
2025/03/27 09:39:07 DEBUG: Token exchange request headers: map[Authorization:[Basic WVZwRmREUmZNME0wWXpGNVRXeEVTMHQ2VlhBNk1UcGphUTpMOXJXUGhES1V6U3RfVWJzTTB6amptQWFXMVEyMVNxeC03SlVXVEpsVW1BcTlIb2t3Ng==] Content-Type:[application/x-www-form-urlencoded]]
2025/03/27 09:39:07 INFO: Received callback with state: 8DyeJJ711LPs-QNymcvp_fePuDfpqcOVLoTg4pz9n6o, code length: 91
2025/03/27 09:39:07 INFO: Found code verifier for state: 8DyeJJ711LPs-QNymcvp_fePuDfpqcOVLoTg4pz9n6o
2025/03/27 09:39:07 INFO: Starting token exchange with code length: 91
2025/03/27 09:39:07 DEBUG: Token exchange request data: map[code:[dmMtR0ltSnhYM1N0bG9XNWRrMmhMR0ZYa2hSdVktZVYtQVcxNTA3VUtpNElWOjE3NDMwNDg1NDQzODU6MTowOmFjOjE] code_verifier:[e531UO3F7dshs1W2zVC9RizkuuPBaO_DfR_Ig8n00BI] grant_type:[authorization_code] redirect_uri:[http://localhost:5173/twitter/callback]]
2025/03/27 09:39:07 DEBUG: Token exchange request headers: map[Authorization:[Basic WVZwRmREUmZNME0wWXpGNVRXeEVTMHQ2VlhBNk1UcGphUTpMOXJXUGhES1V6U3RfVWJzTTB6amptQWFXMVEyMVNxeC03SlVXVEpsVW1BcTlIb2t3Ng==] Content-Type:[application/x-www-form-urlencoded]]
2025/03/27 09:39:08 DEBUG: Token exchange response status: 400, body: {"error":"invalid_request","error_description":"Value passed for the authorization code was invalid."}
2025/03/27 09:39:08 ERROR: Token exchange failed: invalid_request - Value passed for the authorization code was invalid.
2025/03/27 09:39:08 ERROR: Failed to exchange code for token: token exchange failed: invalid_request - Value passed for the authorization code was invalid.
2025/03/27 09:39:08 INFO: OPTIONS /twitter/callback 500 841.985333ms
2025/03/27 09:39:08 INFO: Received callback with state: 8DyeJJ711LPs-QNymcvp_fePuDfpqcOVLoTg4pz9n6o, code length: 91
2025/03/27 09:39:08 INFO: Found code verifier for state: 8DyeJJ711LPs-QNymcvp_fePuDfpqcOVLoTg4pz9n6o
2025/03/27 09:39:08 INFO: Starting token exchange with code length: 91
2025/03/27 09:39:08 DEBUG: Token exchange request data: map[code:[dmMtR0ltSnhYM1N0bG9XNWRrMmhMR0ZYa2hSdVktZVYtQVcxNTA3VUtpNElWOjE3NDMwNDg1NDQzODU6MTowOmFjOjE] code_verifier:[e531UO3F7dshs1W2zVC9RizkuuPBaO_DfR_Ig8n00BI] grant_type:[authorization_code] redirect_uri:[http://localhost:5173/twitter/callback]]
2025/03/27 09:39:08 DEBUG: Token exchange request headers: map[Authorization:[Basic WVZwRmREUmZNME0wWXpGNVRXeEVTMHQ2VlhBNk1UcGphUTpMOXJXUGhES1V6U3RfVWJzTTB6amptQWFXMVEyMVNxeC03SlVXVEpsVW1BcTlIb2t3Ng==] Content-Type:[application/x-www-form-urlencoded]]
2025/03/27 09:39:08 DEBUG: Token exchange response status: 200, body: {"token_type":"bearer","expires_in":7200,"access_token":"dzZaUXRfUVhaY0FPSUhhYm03eDFiZ2lTSllJVmkxNXhTcmhFOEFkamlxWE82OjE3NDMwNDg1NDgwNzQ6MToxOmF0OjE","scope":"tweet.write users.read tweet.read"}
2025/03/27 09:39:08 INFO: Successfully exchanged code for token. Expires in: 7200 seconds
2025/03/27 09:39:08 INFO: Successfully exchanged code for token and cleaned up state: 8DyeJJ711LPs-QNymcvp_fePuDfpqcOVLoTg4pz9n6o
2025/03/27 09:39:08 INFO: OPTIONS /twitter/callback 200 867.136417ms
2025/03/27 09:39:08 INFO: Received callback with state: 8DyeJJ711LPs-QNymcvp_fePuDfpqcOVLoTg4pz9n6o, code length: 91
2025/03/27 09:39:08 INFO: State 8DyeJJ711LPs-QNymcvp_fePuDfpqcOVLoTg4pz9n6o already processed, returning success
2025/03/27 09:39:08 INFO: POST /twitter/callback 200 71.333µs
2025/03/27 09:39:08 INFO: OPTIONS /latest_tweet 405 92.667µs
2025/03/27 09:39:08 INFO: OPTIONS /latest_tweet 405 105.25µs
2025/03/27 09:39:08 DEBUG: Token exchange response status: 400, body: {"error":"invalid_request","error_description":"Value passed for the authorization code was invalid."}
2025/03/27 09:39:08 ERROR: Token exchange failed: invalid_request - Value passed for the authorization code was invalid.
2025/03/27 09:39:08 ERROR: Failed to exchange code for token: token exchange failed: invalid_request - Value passed for the authorization code was invalid.
2025/03/27 09:39:08 INFO: POST /twitter/callback 500 394.840625ms
2025/03/27 09:39:08 INFO: GET /latest_tweet 200 654.088792ms
2025/03/27 09:39:08 INFO: GET /latest_tweet 200 661.068041ms
2025/03/27 09:39:09 INFO: OPTIONS /take_screenshot 405 388.958µs
2025/03/27 09:39:25 INFO: Cleaned up code verifier for state: pe4lE7xA5uAIrGGxFyP-0NQvORBvGay5uIgOVqdhstI
2025/03/27 09:40:29 ERROR: Failed to take screenshot: TweetPik API error: {"url":"https://ik.imagekit.io/tweetpik/test/1904490372023386458-test-v2.png?created_at=1743048566340"}
2025/03/27 09:40:29 INFO: POST /take_screenshot 500 1m19.979573625s
2025/03/27 09:40:31 INFO: Twitter solver URL: 
2025/03/27 09:40:31 INFO: Linera path: 
2025/03/27 09:40:31 INFO: Starting server on :8080
2025/03/27 09:40:38 DEBUG: Generated PKCE - Verifier: Nhdk9zFpQP8PVt09Ht-XWnarrzk9xZmB3RSjoptmgFY, Challenge: OBUrDs1jcAncLN7oFADSrE_hDUgkLmEYi5gTQpviOm0, State: sCwFfH5vxbSdg6EWtr10FZq8Vo36z_QFkM17G_oKIl8
2025/03/27 09:40:38 INFO: Stored code verifier for state: sCwFfH5vxbSdg6EWtr10FZq8Vo36z_QFkM17G_oKIl8
2025/03/27 09:40:38 INFO: GET /twitter/auth 200 868.458µs
2025/03/27 09:40:42 INFO: Received callback with state: sCwFfH5vxbSdg6EWtr10FZq8Vo36z_QFkM17G_oKIl8, code length: 91
2025/03/27 09:40:42 INFO: Found code verifier for state: sCwFfH5vxbSdg6EWtr10FZq8Vo36z_QFkM17G_oKIl8
2025/03/27 09:40:42 INFO: Starting token exchange with code length: 91
2025/03/27 09:40:42 DEBUG: Token exchange request data: map[code:[ZTcwVWtENW1GMWpvTi0xcFpocmlwalpxZjB1cWNfQy1Nb2haVDZBMHFUelFqOjE3NDMwNDg2NDA0MDQ6MTowOmFjOjE] code_verifier:[Nhdk9zFpQP8PVt09Ht-XWnarrzk9xZmB3RSjoptmgFY] grant_type:[authorization_code] redirect_uri:[http://localhost:5173/twitter/callback]]
2025/03/27 09:40:42 DEBUG: Token exchange request headers: map[Authorization:[Basic WVZwRmREUmZNME0wWXpGNVRXeEVTMHQ2VlhBNk1UcGphUTpMOXJXUGhES1V6U3RfVWJzTTB6amptQWFXMVEyMVNxeC03SlVXVEpsVW1BcTlIb2t3Ng==] Content-Type:[application/x-www-form-urlencoded]]
2025/03/27 09:40:42 INFO: Received callback with state: sCwFfH5vxbSdg6EWtr10FZq8Vo36z_QFkM17G_oKIl8, code length: 91
2025/03/27 09:40:42 INFO: Found code verifier for state: sCwFfH5vxbSdg6EWtr10FZq8Vo36z_QFkM17G_oKIl8
2025/03/27 09:40:42 INFO: Starting token exchange with code length: 91
2025/03/27 09:40:42 DEBUG: Token exchange request data: map[code:[ZTcwVWtENW1GMWpvTi0xcFpocmlwalpxZjB1cWNfQy1Nb2haVDZBMHFUelFqOjE3NDMwNDg2NDA0MDQ6MTowOmFjOjE] code_verifier:[Nhdk9zFpQP8PVt09Ht-XWnarrzk9xZmB3RSjoptmgFY] grant_type:[authorization_code] redirect_uri:[http://localhost:5173/twitter/callback]]
2025/03/27 09:40:42 DEBUG: Token exchange request headers: map[Authorization:[Basic WVZwRmREUmZNME0wWXpGNVRXeEVTMHQ2VlhBNk1UcGphUTpMOXJXUGhES1V6U3RfVWJzTTB6amptQWFXMVEyMVNxeC03SlVXVEpsVW1BcTlIb2t3Ng==] Content-Type:[application/x-www-form-urlencoded]]
2025/03/27 09:40:42 DEBUG: Token exchange response status: 400, body: {"error":"invalid_request","error_description":"Value passed for the authorization code was invalid."}
2025/03/27 09:40:42 ERROR: Token exchange failed: invalid_request - Value passed for the authorization code was invalid.
2025/03/27 09:40:42 ERROR: Failed to exchange code for token: token exchange failed: invalid_request - Value passed for the authorization code was invalid.
2025/03/27 09:40:42 INFO: OPTIONS /twitter/callback 500 514.894792ms
2025/03/27 09:40:42 INFO: Received callback with state: sCwFfH5vxbSdg6EWtr10FZq8Vo36z_QFkM17G_oKIl8, code length: 91
2025/03/27 09:40:42 INFO: Found code verifier for state: sCwFfH5vxbSdg6EWtr10FZq8Vo36z_QFkM17G_oKIl8
2025/03/27 09:40:42 INFO: Starting token exchange with code length: 91
2025/03/27 09:40:42 DEBUG: Token exchange request data: map[code:[ZTcwVWtENW1GMWpvTi0xcFpocmlwalpxZjB1cWNfQy1Nb2haVDZBMHFUelFqOjE3NDMwNDg2NDA0MDQ6MTowOmFjOjE] code_verifier:[Nhdk9zFpQP8PVt09Ht-XWnarrzk9xZmB3RSjoptmgFY] grant_type:[authorization_code] redirect_uri:[http://localhost:5173/twitter/callback]]
2025/03/27 09:40:42 DEBUG: Token exchange request headers: map[Authorization:[Basic WVZwRmREUmZNME0wWXpGNVRXeEVTMHQ2VlhBNk1UcGphUTpMOXJXUGhES1V6U3RfVWJzTTB6amptQWFXMVEyMVNxeC03SlVXVEpsVW1BcTlIb2t3Ng==] Content-Type:[application/x-www-form-urlencoded]]
2025/03/27 09:40:42 DEBUG: Token exchange response status: 200, body: {"token_type":"bearer","expires_in":7200,"access_token":"dmQ0cVVBYTdHZmlOT1BVUFQ4VFhKd2FVQXFZT1VPYmVTV202WDNPSEtSNzg1OjE3NDMwNDg2NDI3Mzk6MTowOmF0OjE","scope":"tweet.write users.read tweet.read"}
2025/03/27 09:40:42 INFO: Successfully exchanged code for token. Expires in: 7200 seconds
2025/03/27 09:40:42 INFO: Successfully exchanged code for token and cleaned up state: sCwFfH5vxbSdg6EWtr10FZq8Vo36z_QFkM17G_oKIl8
2025/03/27 09:40:42 INFO: OPTIONS /twitter/callback 200 588.849625ms
2025/03/27 09:40:42 INFO: Received callback with state: sCwFfH5vxbSdg6EWtr10FZq8Vo36z_QFkM17G_oKIl8, code length: 91
2025/03/27 09:40:42 INFO: State sCwFfH5vxbSdg6EWtr10FZq8Vo36z_QFkM17G_oKIl8 already processed, returning success
2025/03/27 09:40:42 INFO: POST /twitter/callback 200 448.333µs
2025/03/27 09:40:42 INFO: OPTIONS /latest_tweet 405 60.917µs
2025/03/27 09:40:42 INFO: OPTIONS /latest_tweet 405 59.166µs
2025/03/27 09:40:43 DEBUG: Token exchange response status: 400, body: {"error":"invalid_request","error_description":"Value passed for the authorization code was invalid."}
2025/03/27 09:40:43 ERROR: Token exchange failed: invalid_request - Value passed for the authorization code was invalid.
2025/03/27 09:40:43 ERROR: Failed to exchange code for token: token exchange failed: invalid_request - Value passed for the authorization code was invalid.
2025/03/27 09:40:43 INFO: POST /twitter/callback 500 326.255917ms
2025/03/27 09:40:43 INFO: GET /latest_tweet 200 605.0305ms
2025/03/27 09:40:43 INFO: GET /latest_tweet 200 612.543709ms
2025/03/27 09:40:44 INFO: OPTIONS /take_screenshot 405 130.459µs
2025/03/27 09:41:25 INFO: POST /take_screenshot 200 41.296102417s
2025/03/27 09:45:38 INFO: Cleaned up code verifier for state: sCwFfH5vxbSdg6EWtr10FZq8Vo36z_QFkM17G_oKIl8
2025/03/27 09:55:49 INFO: OPTIONS /latest_tweet 405 160.416µs
2025/03/27 09:55:49 INFO: GET /latest_tweet 200 667.815875ms
2025/03/27 09:55:49 INFO: GET /latest_tweet 200 676.296417ms
2025/03/27 10:03:05 INFO: OPTIONS /take_screenshot 405 611.166µs
2025/03/27 10:03:20 INFO: POST /take_screenshot 200 14.567417875s
2025/03/27 10:03:20 INFO: GET /screenshots//screenshots/1904490372023386458.png 301 59.834µs
2025/03/27 10:03:20 INFO: GET /screenshots/screenshots/1904490372023386458.png 404 116.334µs
2025/03/27 10:03:46 INFO: GET /screenshots//screenshots/1904490372023386458.png 301 39.167µs
2025/03/27 10:03:46 INFO: GET /screenshots/screenshots/1904490372023386458.png 404 98.5µs
2025/03/27 10:04:55 INFO: OPTIONS /latest_tweet 405 110.125µs
2025/03/27 10:04:55 INFO: OPTIONS /latest_tweet 405 76.541µs
2025/03/27 10:05:01 INFO: GET /latest_tweet 200 5.639082417s
2025/03/27 10:05:01 INFO: GET /latest_tweet 200 5.782408125s
2025/03/27 10:12:30 INFO: Twitter solver URL: 
2025/03/27 10:12:30 INFO: Linera path: 
2025/03/27 10:12:30 INFO: Starting server on :8080
2025/03/27 10:12:36 INFO: OPTIONS /take_screenshot 405 166.333µs
2025/03/27 10:12:36 INFO: Screenshot already exists: screenshots/1904490372023386458.png
2025/03/27 10:12:36 INFO: POST /take_screenshot 200 682.459µs
2025/03/27 10:12:36 INFO: GET /screenshots//screenshots/1904490372023386458.png 301 34.542µs
2025/03/27 10:12:36 INFO: GET /screenshots/screenshots/1904490372023386458.png 404 75.5µs
2025/03/27 10:14:32 INFO: Received callback with state: sCwFfH5vxbSdg6EWtr10FZq8Vo36z_QFkM17G_oKIl8, code length: 91
2025/03/27 10:14:32 ERROR: No code verifier found for state: sCwFfH5vxbSdg6EWtr10FZq8Vo36z_QFkM17G_oKIl8
2025/03/27 10:14:32 INFO: OPTIONS /twitter/callback 400 216.708µs
2025/03/27 10:14:32 INFO: Received callback with state: sCwFfH5vxbSdg6EWtr10FZq8Vo36z_QFkM17G_oKIl8, code length: 91
2025/03/27 10:14:32 ERROR: No code verifier found for state: sCwFfH5vxbSdg6EWtr10FZq8Vo36z_QFkM17G_oKIl8
2025/03/27 10:14:32 INFO: OPTIONS /twitter/callback 400 156.209µs
2025/03/27 10:14:32 INFO: Received callback with state: sCwFfH5vxbSdg6EWtr10FZq8Vo36z_QFkM17G_oKIl8, code length: 91
2025/03/27 10:14:32 ERROR: No code verifier found for state: sCwFfH5vxbSdg6EWtr10FZq8Vo36z_QFkM17G_oKIl8
2025/03/27 10:14:32 INFO: POST /twitter/callback 400 60.5µs
2025/03/27 10:14:32 INFO: Received callback with state: sCwFfH5vxbSdg6EWtr10FZq8Vo36z_QFkM17G_oKIl8, code length: 91
2025/03/27 10:14:32 ERROR: No code verifier found for state: sCwFfH5vxbSdg6EWtr10FZq8Vo36z_QFkM17G_oKIl8
2025/03/27 10:14:32 INFO: POST /twitter/callback 400 38.292µs
2025/03/27 10:14:36 DEBUG: Generated PKCE - Verifier: AcaZY3tsPH1vlJbDox3sKrAgi_xYYe3sRRLhhbEvKyM, Challenge: 3CZbQPLKSQRlB25TXqJMUo1wvN9zdWdsv1MC8khVxvA, State: kbUnbDnel13AfEvOG8asta4wIwhPDFUSY4t8YiZKotk
2025/03/27 10:14:36 INFO: Stored code verifier for state: kbUnbDnel13AfEvOG8asta4wIwhPDFUSY4t8YiZKotk
2025/03/27 10:14:36 INFO: GET /twitter/auth 200 448.125µs
2025/03/27 10:14:40 INFO: Received callback with state: kbUnbDnel13AfEvOG8asta4wIwhPDFUSY4t8YiZKotk, code length: 91
2025/03/27 10:14:40 INFO: Found code verifier for state: kbUnbDnel13AfEvOG8asta4wIwhPDFUSY4t8YiZKotk
2025/03/27 10:14:40 INFO: Starting token exchange with code length: 91
2025/03/27 10:14:40 DEBUG: Token exchange request data: map[code:[Z3NTaFphY1JOWjdYYzR1ZXdVakpERzRFN1FTVTM2aUVxYlZiSTlOLTZwblpJOjE3NDMwNTA2NzgwMjk6MToxOmFjOjE] code_verifier:[AcaZY3tsPH1vlJbDox3sKrAgi_xYYe3sRRLhhbEvKyM] grant_type:[authorization_code] redirect_uri:[http://localhost:5173/twitter/callback]]
2025/03/27 10:14:40 DEBUG: Token exchange request headers: map[Authorization:[Basic WVZwRmREUmZNME0wWXpGNVRXeEVTMHQ2VlhBNk1UcGphUTpMOXJXUGhES1V6U3RfVWJzTTB6amptQWFXMVEyMVNxeC03SlVXVEpsVW1BcTlIb2t3Ng==] Content-Type:[application/x-www-form-urlencoded]]
2025/03/27 10:14:40 INFO: Received callback with state: kbUnbDnel13AfEvOG8asta4wIwhPDFUSY4t8YiZKotk, code length: 91
2025/03/27 10:14:40 INFO: Found code verifier for state: kbUnbDnel13AfEvOG8asta4wIwhPDFUSY4t8YiZKotk
2025/03/27 10:14:40 INFO: Starting token exchange with code length: 91
2025/03/27 10:14:40 DEBUG: Token exchange request data: map[code:[Z3NTaFphY1JOWjdYYzR1ZXdVakpERzRFN1FTVTM2aUVxYlZiSTlOLTZwblpJOjE3NDMwNTA2NzgwMjk6MToxOmFjOjE] code_verifier:[AcaZY3tsPH1vlJbDox3sKrAgi_xYYe3sRRLhhbEvKyM] grant_type:[authorization_code] redirect_uri:[http://localhost:5173/twitter/callback]]
2025/03/27 10:14:40 DEBUG: Token exchange request headers: map[Authorization:[Basic WVZwRmREUmZNME0wWXpGNVRXeEVTMHQ2VlhBNk1UcGphUTpMOXJXUGhES1V6U3RfVWJzTTB6amptQWFXMVEyMVNxeC03SlVXVEpsVW1BcTlIb2t3Ng==] Content-Type:[application/x-www-form-urlencoded]]
2025/03/27 10:14:40 DEBUG: Token exchange response status: 400, body: {"error":"invalid_request","error_description":"Value passed for the authorization code was invalid."}
2025/03/27 10:14:40 ERROR: Token exchange failed: invalid_request - Value passed for the authorization code was invalid.
2025/03/27 10:14:40 ERROR: Failed to exchange code for token: token exchange failed: invalid_request - Value passed for the authorization code was invalid.
2025/03/27 10:14:40 INFO: OPTIONS /twitter/callback 500 536.121292ms
2025/03/27 10:14:40 INFO: Received callback with state: kbUnbDnel13AfEvOG8asta4wIwhPDFUSY4t8YiZKotk, code length: 91
2025/03/27 10:14:40 INFO: Found code verifier for state: kbUnbDnel13AfEvOG8asta4wIwhPDFUSY4t8YiZKotk
2025/03/27 10:14:40 INFO: Starting token exchange with code length: 91
2025/03/27 10:14:40 DEBUG: Token exchange request data: map[code:[Z3NTaFphY1JOWjdYYzR1ZXdVakpERzRFN1FTVTM2aUVxYlZiSTlOLTZwblpJOjE3NDMwNTA2NzgwMjk6MToxOmFjOjE] code_verifier:[AcaZY3tsPH1vlJbDox3sKrAgi_xYYe3sRRLhhbEvKyM] grant_type:[authorization_code] redirect_uri:[http://localhost:5173/twitter/callback]]
2025/03/27 10:14:40 DEBUG: Token exchange request headers: map[Authorization:[Basic WVZwRmREUmZNME0wWXpGNVRXeEVTMHQ2VlhBNk1UcGphUTpMOXJXUGhES1V6U3RfVWJzTTB6amptQWFXMVEyMVNxeC03SlVXVEpsVW1BcTlIb2t3Ng==] Content-Type:[application/x-www-form-urlencoded]]
2025/03/27 10:14:40 DEBUG: Token exchange response status: 200, body: {"token_type":"bearer","expires_in":7200,"access_token":"a1dycVFGaWw1UWNQNVJYZEZRemZLS3NPY0tBYmxMZDdacldfeC00UVlxQlk0OjE3NDMwNTA2ODA2NDU6MTowOmF0OjE","scope":"tweet.write users.read tweet.read"}
2025/03/27 10:14:40 INFO: Successfully exchanged code for token. Expires in: 7200 seconds
2025/03/27 10:14:40 INFO: Successfully exchanged code for token and cleaned up state: kbUnbDnel13AfEvOG8asta4wIwhPDFUSY4t8YiZKotk
2025/03/27 10:14:40 INFO: OPTIONS /twitter/callback 200 600.241042ms
2025/03/27 10:14:40 INFO: Received callback with state: kbUnbDnel13AfEvOG8asta4wIwhPDFUSY4t8YiZKotk, code length: 91
2025/03/27 10:14:40 INFO: State kbUnbDnel13AfEvOG8asta4wIwhPDFUSY4t8YiZKotk already processed, returning success
2025/03/27 10:14:40 INFO: POST /twitter/callback 200 89.125µs
2025/03/27 10:14:40 INFO: OPTIONS /latest_tweet 405 64.625µs
2025/03/27 10:14:40 INFO: OPTIONS /latest_tweet 405 56.833µs
2025/03/27 10:14:40 DEBUG: Token exchange response status: 400, body: {"error":"invalid_request","error_description":"Value passed for the authorization code was invalid."}
2025/03/27 10:14:40 ERROR: Token exchange failed: invalid_request - Value passed for the authorization code was invalid.
2025/03/27 10:14:40 ERROR: Failed to exchange code for token: token exchange failed: invalid_request - Value passed for the authorization code was invalid.
2025/03/27 10:14:40 INFO: POST /twitter/callback 500 337.756ms
2025/03/27 10:14:41 INFO: GET /latest_tweet 200 615.774333ms
2025/03/27 10:14:41 INFO: GET /latest_tweet 200 625.291084ms
2025/03/27 10:17:31 INFO: OPTIONS /take_screenshot 405 105.625µs
2025/03/27 10:17:31 INFO: Screenshot already exists: screenshots/1904490372023386458.png
2025/03/27 10:17:31 INFO: POST /take_screenshot 200 365.75µs
2025/03/27 10:17:31 INFO: GET /screenshots//screenshots/1904490372023386458.png 301 52.208µs
2025/03/27 10:17:31 INFO: GET /screenshots/screenshots/1904490372023386458.png 404 104.917µs
2025/03/27 10:19:36 INFO: Cleaned up code verifier for state: kbUnbDnel13AfEvOG8asta4wIwhPDFUSY4t8YiZKotk
2025/03/27 10:22:21 INFO: GET / 404 21.791µs
2025/03/27 10:22:26 INFO: GET /screenshots/screenshots/1904490372023386458.png 404 93.791µs
2025/03/27 10:22:33 INFO: GET /screenshots//1904490372023386458.png 301 40.167µs
2025/03/27 10:22:33 INFO: GET /screenshots/1904490372023386458.png 200 11.0475ms
2025/03/27 10:23:59 INFO: OPTIONS /take_screenshot 405 110µs
2025/03/27 10:23:59 INFO: Screenshot already exists: screenshots/1904490372023386458.png
2025/03/27 10:23:59 INFO: POST /take_screenshot 200 775.833µs
2025/03/27 10:24:29 INFO: GET //screenshots/1904490372023386458.png 301 46.917µs
2025/03/27 10:24:29 INFO: GET /screenshots/1904490372023386458.png 200 1.261542ms
2025/03/27 10:25:48 INFO: GET //screenshots/1904490372023386458.png 301 40.458µs
2025/03/27 10:25:48 INFO: GET /screenshots/1904490372023386458.png 200 649.083µs
2025/03/27 10:25:51 INFO: OPTIONS /latest_tweet 405 339.875µs
2025/03/27 10:25:51 INFO: OPTIONS /latest_tweet 405 154.458µs
2025/03/27 10:25:52 INFO: GET /latest_tweet 200 654.514125ms
2025/03/27 10:25:52 INFO: GET /latest_tweet 200 663.031208ms
2025/03/27 10:26:00 INFO: OPTIONS /take_screenshot 405 77.667µs
2025/03/27 10:26:00 INFO: Screenshot already exists: screenshots/1904490372023386458.png
2025/03/27 10:26:00 INFO: POST /take_screenshot 200 229.625µs
2025/03/27 10:26:01 INFO: GET //screenshots/1904490372023386458.png 301 38.667µs
2025/03/27 10:26:01 INFO: GET /screenshots/1904490372023386458.png 200 1.557ms
2025/03/27 17:01:46 INFO: Twitter solver URL: 
2025/03/27 17:01:46 INFO: Linera path: 
2025/03/27 17:01:46 ERROR: JWT_SECRET environment variable is required
2025/03/27 17:11:31 INFO: Twitter solver URL: 
2025/03/27 17:11:31 INFO: Linera path: 
2025/03/27 17:11:31 INFO: Starting server on :8080
2025/03/27 17:12:21 DEBUG: Generated PKCE - Verifier: wbGd93G0lMPs94riDAjui-YFNMFL8YslJvqVmGJ3PkM, Challenge: QYSW1CY7bOY1MszBqWlMZQVMbJkFlmE1IwLt2AQa3cU, State: 99sGlMLrUIG9x0NJGhdObg8AJ15QCkn8O37msNE29hU
2025/03/27 17:12:21 INFO: Stored code verifier for state: 99sGlMLrUIG9x0NJGhdObg8AJ15QCkn8O37msNE29hU
2025/03/27 17:15:17 INFO: Twitter solver URL: 
2025/03/27 17:15:17 INFO: Linera path: 
2025/03/27 17:15:17 INFO: Starting server on :8080
2025/03/27 17:15:22 DEBUG: Generated PKCE - Verifier: mASZ8nDRzOTbIXJeK3CeXu4r_JxN2rGxPjSP-oK6ueM, Challenge: n9uXPfs9JJXdjmkR2YxGXPswJaLEvRdcEgmosraRclM, State: wlQQ7bt1IjmYh7PcYDuRWQhY1RBNgs1sD0maVWhDz7M
2025/03/27 17:15:22 INFO: Stored code verifier for state: wlQQ7bt1IjmYh7PcYDuRWQhY1RBNgs1sD0maVWhDz7M
2025/03/27 17:16:06 DEBUG: Generated PKCE - Verifier: sqptfalLX--32sOUCIBgs2JdQwRSBnTP6pGGZ-rFyEo, Challenge: -3rqUKL6AJDjb13uQhL8JMvE88TRcb9ytkq9G9kGjkc, State: d88zVtBaF82mXCqukMoEqpngR7RrIgCJzHABNxqiieU
2025/03/27 17:16:06 INFO: Stored code verifier for state: d88zVtBaF82mXCqukMoEqpngR7RrIgCJzHABNxqiieU
2025/03/27 17:17:24 DEBUG: Generated PKCE - Verifier: 0gEbacLPTkj8chYCfHJvXD0bvis7tOEolnlIKnD91xA, Challenge: iCmKr4w9N-7BJJpY7A3qiTVkX2MIGYPVphmW8K7O8Y8, State: Mwf9Qp-BnXV-w0PJ1kKffJwexJmRz1Lf68PZxiZFqoM
2025/03/27 17:17:24 INFO: Stored code verifier for state: Mwf9Qp-BnXV-w0PJ1kKffJwexJmRz1Lf68PZxiZFqoM
2025/03/27 17:19:00 INFO: Twitter solver URL: 
2025/03/27 17:19:00 INFO: Linera path: 
2025/03/27 17:19:00 INFO: Starting server on :8080
2025/03/27 17:20:26 DEBUG: Generated PKCE - Verifier: VUgLm9mTssY4AoueQU1lHzXN8B1RRi6j2RdsdvXM3rc, Challenge: -sEO6pci1KC65NnR5ZyP43St343FMUKBBXmdO3RycF0, State: PqiQS27VbnqOCpA1bpvMu7EA6uaSwZZqMW9ZsqXMZz4
2025/03/27 17:20:44 INFO: Stored code verifier for state: PqiQS27VbnqOCpA1bpvMu7EA6uaSwZZqMW9ZsqXMZz4
2025/03/27 17:22:18 DEBUG: Generated PKCE - Verifier: g9tkwzSpapVwG-2OfMoJ2oxhng0u96rgmvxKR6XlyfA, Challenge: 3UaLjssTEFPtvOVVPwknSrevckFPJGHPCg30ttQIuhk, State: p1TSgsem_PHDtlGadaWH8f7HcrfW8pq-ULkDtXdloOQ
2025/03/27 17:22:18 INFO: Stored code verifier for state: p1TSgsem_PHDtlGadaWH8f7HcrfW8pq-ULkDtXdloOQ
2025/03/27 17:22:40 INFO: Twitter solver URL: 
2025/03/27 17:22:40 INFO: Linera path: 
2025/03/27 17:22:40 INFO: Starting server on :8080
2025/03/27 17:22:48 DEBUG: Generated PKCE - Verifier: Y8ngQCrq4wKYCSNPRITxpCTggr74krPSbVqVicvwPFE, Challenge: 7aPHL1H6Uj4BWDkEph4uB31iLAMO2m7yXaiNLrbQmjA, State: 5qmx2whtBfgwxshTd_yZVVkG7vx9FsKg6p58CZgExxo
2025/03/27 17:22:48 INFO: Stored code verifier for state: 5qmx2whtBfgwxshTd_yZVVkG7vx9FsKg6p58CZgExxo
2025/03/27 17:22:57 INFO: Starting token exchange with code length: 91
2025/03/27 17:22:57 DEBUG: Token exchange request data: map[code:[ZE9HQ3gxX1NwSDk5NDBhZ1pCRG5VRFgxdlNIX1F5N3ZSMnJQWXVXWmlWeENUOjE3NDMwNzYzNjk1MTU6MToxOmFjOjE] code_verifier:[Y8ngQCrq4wKYCSNPRITxpCTggr74krPSbVqVicvwPFE] grant_type:[authorization_code] redirect_uri:[http://localhost:5173/twitter/callback]]
2025/03/27 17:22:57 DEBUG: Token exchange request headers: map[Authorization:[Basic WVZwRmREUmZNME0wWXpGNVRXeEVTMHQ2VlhBNk1UcGphUTpMOXJXUGhES1V6U3RfVWJzTTB6amptQWFXMVEyMVNxeC03SlVXVEpsVW1BcTlIb2t3Ng==] Content-Type:[application/x-www-form-urlencoded]]
2025/03/27 17:22:57 INFO: Starting token exchange with code length: 91
2025/03/27 17:22:57 DEBUG: Token exchange request data: map[code:[ZE9HQ3gxX1NwSDk5NDBhZ1pCRG5VRFgxdlNIX1F5N3ZSMnJQWXVXWmlWeENUOjE3NDMwNzYzNjk1MTU6MToxOmFjOjE] code_verifier:[Y8ngQCrq4wKYCSNPRITxpCTggr74krPSbVqVicvwPFE] grant_type:[authorization_code] redirect_uri:[http://localhost:5173/twitter/callback]]
2025/03/27 17:22:57 DEBUG: Token exchange request headers: map[Authorization:[Basic WVZwRmREUmZNME0wWXpGNVRXeEVTMHQ2VlhBNk1UcGphUTpMOXJXUGhES1V6U3RfVWJzTTB6amptQWFXMVEyMVNxeC03SlVXVEpsVW1BcTlIb2t3Ng==] Content-Type:[application/x-www-form-urlencoded]]
2025/03/27 17:22:57 DEBUG: Token exchange response status: 400, body: {"error":"invalid_request","error_description":"Value passed for the authorization code was invalid."}
2025/03/27 17:22:57 ERROR: Token exchange failed: invalid_request - Value passed for the authorization code was invalid.
2025/03/27 17:23:01 ERROR: Failed to exchange code for token: token exchange failed: invalid_request - Value passed for the authorization code was invalid.
2025/03/27 17:23:05 DEBUG: Token exchange response status: 200, body: {"token_type":"bearer","expires_in":7200,"access_token":"Zms3SGdKdmZoZ3RuOVZURWhYMkxMcVFsa180TTdYbUl0RnBOdGNIcElKNW5mOjE3NDMwNzYzNzc5NDA6MTowOmF0OjE","scope":"tweet.write users.read tweet.read"}
2025/03/27 17:23:05 INFO: Successfully exchanged code for token. Expires in: 7200 seconds
2025/03/27 17:23:05 ERROR: Failed to create session: crypto/aes: invalid key size 44
2025/03/27 17:24:53 INFO: Starting token exchange with code length: 91
2025/03/27 17:24:53 DEBUG: Token exchange request data: map[code:[ZE9HQ3gxX1NwSDk5NDBhZ1pCRG5VRFgxdlNIX1F5N3ZSMnJQWXVXWmlWeENUOjE3NDMwNzYzNjk1MTU6MToxOmFjOjE] code_verifier:[Y8ngQCrq4wKYCSNPRITxpCTggr74krPSbVqVicvwPFE] grant_type:[authorization_code] redirect_uri:[http://localhost:5173/twitter/callback]]
2025/03/27 17:24:53 DEBUG: Token exchange request headers: map[Authorization:[Basic WVZwRmREUmZNME0wWXpGNVRXeEVTMHQ2VlhBNk1UcGphUTpMOXJXUGhES1V6U3RfVWJzTTB6amptQWFXMVEyMVNxeC03SlVXVEpsVW1BcTlIb2t3Ng==] Content-Type:[application/x-www-form-urlencoded]]
2025/03/27 17:24:53 INFO: Starting token exchange with code length: 91
2025/03/27 17:24:53 DEBUG: Token exchange request data: map[code:[ZE9HQ3gxX1NwSDk5NDBhZ1pCRG5VRFgxdlNIX1F5N3ZSMnJQWXVXWmlWeENUOjE3NDMwNzYzNjk1MTU6MToxOmFjOjE] code_verifier:[Y8ngQCrq4wKYCSNPRITxpCTggr74krPSbVqVicvwPFE] grant_type:[authorization_code] redirect_uri:[http://localhost:5173/twitter/callback]]
2025/03/27 17:24:53 DEBUG: Token exchange request headers: map[Authorization:[Basic WVZwRmREUmZNME0wWXpGNVRXeEVTMHQ2VlhBNk1UcGphUTpMOXJXUGhES1V6U3RfVWJzTTB6amptQWFXMVEyMVNxeC03SlVXVEpsVW1BcTlIb2t3Ng==] Content-Type:[application/x-www-form-urlencoded]]
2025/03/27 17:24:54 DEBUG: Token exchange response status: 400, body: {"error":"invalid_request","error_description":"Value passed for the authorization code was invalid."}
2025/03/27 17:24:54 ERROR: Token exchange failed: invalid_request - Value passed for the authorization code was invalid.
2025/03/27 17:24:54 ERROR: Failed to exchange code for token: token exchange failed: invalid_request - Value passed for the authorization code was invalid.
2025/03/27 17:24:54 DEBUG: Token exchange response status: 400, body: {"error":"invalid_request","error_description":"Value passed for the authorization code was invalid."}
2025/03/27 17:24:54 ERROR: Token exchange failed: invalid_request - Value passed for the authorization code was invalid.
2025/03/27 17:25:02 ERROR: Failed to exchange code for token: token exchange failed: invalid_request - Value passed for the authorization code was invalid.
2025/03/27 17:27:43 DEBUG: Generated PKCE - Verifier: 8Yp9oGHDbZoqgqMpVPXTo4i1puRvH3k8P9mY9ghcGII, Challenge: 12HK1wgg1DxYVL462b6I-mumBsVrI27pVFh0b48XoSQ, State: zZ2g1yk6FLxo60_e_ZpwH6MTUesrb8OezP7zXz4-tO4
2025/03/27 17:28:04 INFO: Stored code verifier for state: zZ2g1yk6FLxo60_e_ZpwH6MTUesrb8OezP7zXz4-tO4
2025/03/27 17:28:04 INFO: Cleaned up code verifier for state: 5qmx2whtBfgwxshTd_yZVVkG7vx9FsKg6p58CZgExxo
2025/03/27 17:28:31 INFO: Starting token exchange with code length: 91
2025/03/27 17:28:31 INFO: Starting token exchange with code length: 91
2025/03/27 17:28:34 DEBUG: Token exchange request data: map[code:[WG0xdXRqMmZWZDBhVmpzdFRZaG1MYXBYVHl5RW5kcWQ1bU5VakRwZ3pCOHE5OjE3NDMwNzY2ODY1NDE6MToxOmFjOjE] code_verifier:[8Yp9oGHDbZoqgqMpVPXTo4i1puRvH3k8P9mY9ghcGII] grant_type:[authorization_code] redirect_uri:[http://localhost:5173/twitter/callback]]
2025/03/27 17:28:34 DEBUG: Token exchange request data: map[code:[WG0xdXRqMmZWZDBhVmpzdFRZaG1MYXBYVHl5RW5kcWQ1bU5VakRwZ3pCOHE5OjE3NDMwNzY2ODY1NDE6MToxOmFjOjE] code_verifier:[8Yp9oGHDbZoqgqMpVPXTo4i1puRvH3k8P9mY9ghcGII] grant_type:[authorization_code] redirect_uri:[http://localhost:5173/twitter/callback]]
2025/03/27 17:28:39 DEBUG: Token exchange request headers: map[Authorization:[Basic WVZwRmREUmZNME0wWXpGNVRXeEVTMHQ2VlhBNk1UcGphUTpMOXJXUGhES1V6U3RfVWJzTTB6amptQWFXMVEyMVNxeC03SlVXVEpsVW1BcTlIb2t3Ng==] Content-Type:[application/x-www-form-urlencoded]]
2025/03/27 17:28:39 DEBUG: Token exchange request headers: map[Authorization:[Basic WVZwRmREUmZNME0wWXpGNVRXeEVTMHQ2VlhBNk1UcGphUTpMOXJXUGhES1V6U3RfVWJzTTB6amptQWFXMVEyMVNxeC03SlVXVEpsVW1BcTlIb2t3Ng==] Content-Type:[application/x-www-form-urlencoded]]
2025/03/27 17:28:59 DEBUG: Token exchange response status: 400, body: {"error":"invalid_request","error_description":"Value passed for the authorization code was invalid."}
2025/03/27 17:28:59 DEBUG: Token exchange response status: 400, body: {"error":"invalid_request","error_description":"Value passed for the authorization code was invalid."}
2025/03/27 17:29:06 ERROR: Token exchange failed: invalid_request - Value passed for the authorization code was invalid.
2025/03/27 17:29:06 ERROR: Token exchange failed: invalid_request - Value passed for the authorization code was invalid.
2025/03/27 17:29:15 ERROR: Failed to exchange code for token: token exchange failed: invalid_request - Value passed for the authorization code was invalid.
2025/03/27 17:29:15 ERROR: Failed to exchange code for token: token exchange failed: invalid_request - Value passed for the authorization code was invalid.
2025/03/27 17:45:02 INFO: Twitter solver URL: 
2025/03/27 17:45:02 INFO: Linera path: 
2025/03/27 17:45:02 INFO: Starting server on :8080
2025/03/27 17:45:08 DEBUG: Generated PKCE - Verifier: 36jKXvqzsP5zKnROG4Po1f8RcnqOerqPkI6Tj7sWMoY, Challenge: f34qB4j36tNyvEF5yOUF2UYjc3iXWfCO7sQpRNpNGVA, State: HHbKY2Pt-uhntklqLK9_odw67s64nl_s9NNioQsd2Bo
2025/03/27 17:45:08 INFO: Stored code verifier for state: HHbKY2Pt-uhntklqLK9_odw67s64nl_s9NNioQsd2Bo
2025/03/27 17:45:08 INFO: GET /twitter/auth 200 2.728472958s
2025/03/27 17:45:12 INFO: Received callback with state: HHbKY2Pt-uhntklqLK9_odw67s64nl_s9NNioQsd2Bo, code length: 91
2025/03/27 17:45:12 INFO: Found code verifier for state: HHbKY2Pt-uhntklqLK9_odw67s64nl_s9NNioQsd2Bo
2025/03/27 17:45:12 INFO: Starting token exchange with code length: 91
2025/03/27 17:45:12 DEBUG: Token exchange request data: map[code:[N2tRWk9TUjQ0WDRuZ0lBRlozZ1kyZG9YN29QQUlUeEVqV0x2eE9icWxNWlAyOjE3NDMwNzc3MTA0ODE6MToxOmFjOjE] code_verifier:[36jKXvqzsP5zKnROG4Po1f8RcnqOerqPkI6Tj7sWMoY] grant_type:[authorization_code] redirect_uri:[http://localhost:5173/twitter/callback]]
2025/03/27 17:45:12 DEBUG: Token exchange request headers: map[Authorization:[Basic WVZwRmREUmZNME0wWXpGNVRXeEVTMHQ2VlhBNk1UcGphUTpMOXJXUGhES1V6U3RfVWJzTTB6amptQWFXMVEyMVNxeC03SlVXVEpsVW1BcTlIb2t3Ng==] Content-Type:[application/x-www-form-urlencoded]]
2025/03/27 17:45:12 INFO: Received callback with state: HHbKY2Pt-uhntklqLK9_odw67s64nl_s9NNioQsd2Bo, code length: 91
2025/03/27 17:45:12 INFO: Found code verifier for state: HHbKY2Pt-uhntklqLK9_odw67s64nl_s9NNioQsd2Bo
2025/03/27 17:45:12 INFO: Starting token exchange with code length: 91
2025/03/27 17:45:12 DEBUG: Token exchange request data: map[code:[N2tRWk9TUjQ0WDRuZ0lBRlozZ1kyZG9YN29QQUlUeEVqV0x2eE9icWxNWlAyOjE3NDMwNzc3MTA0ODE6MToxOmFjOjE] code_verifier:[36jKXvqzsP5zKnROG4Po1f8RcnqOerqPkI6Tj7sWMoY] grant_type:[authorization_code] redirect_uri:[http://localhost:5173/twitter/callback]]
2025/03/27 17:45:12 DEBUG: Token exchange request headers: map[Authorization:[Basic WVZwRmREUmZNME0wWXpGNVRXeEVTMHQ2VlhBNk1UcGphUTpMOXJXUGhES1V6U3RfVWJzTTB6amptQWFXMVEyMVNxeC03SlVXVEpsVW1BcTlIb2t3Ng==] Content-Type:[application/x-www-form-urlencoded]]
2025/03/27 17:45:13 DEBUG: Token exchange response status: 400, body: {"error":"invalid_request","error_description":"Value passed for the authorization code was invalid."}
2025/03/27 17:45:13 ERROR: Token exchange failed: invalid_request - Value passed for the authorization code was invalid.
2025/03/27 17:45:13 ERROR: Failed to exchange code for token: token exchange failed: invalid_request - Value passed for the authorization code was invalid.
2025/03/27 17:45:13 INFO: OPTIONS /twitter/callback 500 518.998041ms
2025/03/27 17:45:13 INFO: Received callback with state: HHbKY2Pt-uhntklqLK9_odw67s64nl_s9NNioQsd2Bo, code length: 91
2025/03/27 17:45:13 INFO: Found code verifier for state: HHbKY2Pt-uhntklqLK9_odw67s64nl_s9NNioQsd2Bo
2025/03/27 17:45:13 INFO: Starting token exchange with code length: 91
2025/03/27 17:45:13 DEBUG: Token exchange request data: map[code:[N2tRWk9TUjQ0WDRuZ0lBRlozZ1kyZG9YN29QQUlUeEVqV0x2eE9icWxNWlAyOjE3NDMwNzc3MTA0ODE6MToxOmFjOjE] code_verifier:[36jKXvqzsP5zKnROG4Po1f8RcnqOerqPkI6Tj7sWMoY] grant_type:[authorization_code] redirect_uri:[http://localhost:5173/twitter/callback]]
2025/03/27 17:45:13 DEBUG: Token exchange request headers: map[Authorization:[Basic WVZwRmREUmZNME0wWXpGNVRXeEVTMHQ2VlhBNk1UcGphUTpMOXJXUGhES1V6U3RfVWJzTTB6amptQWFXMVEyMVNxeC03SlVXVEpsVW1BcTlIb2t3Ng==] Content-Type:[application/x-www-form-urlencoded]]
2025/03/27 17:45:13 DEBUG: Token exchange response status: 200, body: {"token_type":"bearer","expires_in":7200,"access_token":"R1Y5T1lDTlk1NGRqdi1RQWEyZThxdHVyTVdldDdPa2hnT2VkemwyUlExb2E3OjE3NDMwNzc3MTMyMTE6MToxOmF0OjE","scope":"tweet.write users.read tweet.read"}
2025/03/27 17:45:13 INFO: Successfully exchanged code for token. Expires in: 7200 seconds
2025/03/27 17:45:13 INFO: Successfully exchanged code for token and cleaned up state: HHbKY2Pt-uhntklqLK9_odw67s64nl_s9NNioQsd2Bo
2025/03/27 17:45:13 INFO: OPTIONS /twitter/callback 200 606.859458ms
2025/03/27 17:45:13 INFO: Received callback with state: HHbKY2Pt-uhntklqLK9_odw67s64nl_s9NNioQsd2Bo, code length: 91
2025/03/27 17:45:13 INFO: State HHbKY2Pt-uhntklqLK9_odw67s64nl_s9NNioQsd2Bo already processed, returning success
2025/03/27 17:45:13 INFO: POST /twitter/callback 200 123.916µs
2025/03/27 17:45:13 INFO: OPTIONS /latest_tweet 405 64.417µs
2025/03/27 17:45:13 INFO: OPTIONS /latest_tweet 405 92.167µs
2025/03/27 17:45:13 DEBUG: Token exchange response status: 400, body: {"error":"invalid_request","error_description":"Value passed for the authorization code was invalid."}
2025/03/27 17:45:13 ERROR: Token exchange failed: invalid_request - Value passed for the authorization code was invalid.
2025/03/27 17:45:13 ERROR: Failed to exchange code for token: token exchange failed: invalid_request - Value passed for the authorization code was invalid.
2025/03/27 17:45:13 INFO: POST /twitter/callback 500 334.303334ms
2025/03/27 17:45:14 INFO: GET /latest_tweet 200 685.404042ms
2025/03/27 17:45:14 INFO: GET /latest_tweet 200 706.882917ms
2025/03/27 17:50:08 INFO: Cleaned up code verifier for state: HHbKY2Pt-uhntklqLK9_odw67s64nl_s9NNioQsd2Bo
2025/03/27 18:19:46 INFO: Received callback with state: HHbKY2Pt-uhntklqLK9_odw67s64nl_s9NNioQsd2Bo, code length: 91
2025/03/27 18:19:46 INFO: Received callback with state: HHbKY2Pt-uhntklqLK9_odw67s64nl_s9NNioQsd2Bo, code length: 91
2025/03/27 18:19:46 INFO: State HHbKY2Pt-uhntklqLK9_odw67s64nl_s9NNioQsd2Bo already processed, returning success
2025/03/27 18:19:46 INFO: State HHbKY2Pt-uhntklqLK9_odw67s64nl_s9NNioQsd2Bo already processed, returning success
2025/03/27 18:19:46 INFO: OPTIONS /twitter/callback 200 644.875µs
2025/03/27 18:19:46 INFO: OPTIONS /twitter/callback 200 1.219791ms
2025/03/27 18:19:46 INFO: Received callback with state: HHbKY2Pt-uhntklqLK9_odw67s64nl_s9NNioQsd2Bo, code length: 91
2025/03/27 18:19:46 INFO: State HHbKY2Pt-uhntklqLK9_odw67s64nl_s9NNioQsd2Bo already processed, returning success
2025/03/27 18:19:46 INFO: POST /twitter/callback 200 94.583µs
2025/03/27 18:19:46 INFO: Received callback with state: HHbKY2Pt-uhntklqLK9_odw67s64nl_s9NNioQsd2Bo, code length: 91
2025/03/27 18:19:46 INFO: State HHbKY2Pt-uhntklqLK9_odw67s64nl_s9NNioQsd2Bo already processed, returning success
2025/03/27 18:19:46 INFO: POST /twitter/callback 200 95.542µs
2025/03/27 18:19:46 INFO: OPTIONS /latest_tweet 405 54.875µs
2025/03/27 18:19:46 INFO: OPTIONS /latest_tweet 405 276.333µs
2025/03/27 18:19:46 INFO: GET /latest_tweet 200 694.022291ms
2025/03/27 18:19:46 INFO: GET /latest_tweet 200 702.264083ms
2025/03/27 18:19:59 DEBUG: Generated PKCE - Verifier: zrTS7L5nEUMZ9p9b2Y-XfDzQNzWvp7li4xamSbU-3EA, Challenge: -rUFjMNUrW4S4lJH3nUwHuzniufloDdq-X-rKQY4hX0, State: hycwUFBudUJE0BzCfXcgCSbS1U5SsLj2N-PedIlwSv0
2025/03/27 18:19:59 INFO: Stored code verifier for state: hycwUFBudUJE0BzCfXcgCSbS1U5SsLj2N-PedIlwSv0
2025/03/27 18:19:59 INFO: GET /twitter/auth 200 5.4627115s
2025/03/27 18:20:04 INFO: Received callback with state: hycwUFBudUJE0BzCfXcgCSbS1U5SsLj2N-PedIlwSv0, code length: 91
2025/03/27 18:20:04 INFO: Found code verifier for state: hycwUFBudUJE0BzCfXcgCSbS1U5SsLj2N-PedIlwSv0
2025/03/27 18:20:04 INFO: Starting token exchange with code length: 91
2025/03/27 18:20:04 DEBUG: Token exchange request data: map[code:[cm9WdnpRdlVEMXZOUlp2X3hRWlhSQTBTbE52R3NKb1I0NDIwUG0tVGFpWFlROjE3NDMwNzk4MDA2MTY6MToxOmFjOjE] code_verifier:[zrTS7L5nEUMZ9p9b2Y-XfDzQNzWvp7li4xamSbU-3EA] grant_type:[authorization_code] redirect_uri:[http://localhost:5173/twitter/callback]]
2025/03/27 18:20:04 DEBUG: Token exchange request headers: map[Authorization:[Basic WVZwRmREUmZNME0wWXpGNVRXeEVTMHQ2VlhBNk1UcGphUTpMOXJXUGhES1V6U3RfVWJzTTB6amptQWFXMVEyMVNxeC03SlVXVEpsVW1BcTlIb2t3Ng==] Content-Type:[application/x-www-form-urlencoded]]
2025/03/27 18:20:04 INFO: Received callback with state: hycwUFBudUJE0BzCfXcgCSbS1U5SsLj2N-PedIlwSv0, code length: 91
2025/03/27 18:20:04 INFO: Found code verifier for state: hycwUFBudUJE0BzCfXcgCSbS1U5SsLj2N-PedIlwSv0
2025/03/27 18:20:04 INFO: Starting token exchange with code length: 91
2025/03/27 18:20:04 DEBUG: Token exchange request data: map[code:[cm9WdnpRdlVEMXZOUlp2X3hRWlhSQTBTbE52R3NKb1I0NDIwUG0tVGFpWFlROjE3NDMwNzk4MDA2MTY6MToxOmFjOjE] code_verifier:[zrTS7L5nEUMZ9p9b2Y-XfDzQNzWvp7li4xamSbU-3EA] grant_type:[authorization_code] redirect_uri:[http://localhost:5173/twitter/callback]]
2025/03/27 18:20:04 DEBUG: Token exchange request headers: map[Authorization:[Basic WVZwRmREUmZNME0wWXpGNVRXeEVTMHQ2VlhBNk1UcGphUTpMOXJXUGhES1V6U3RfVWJzTTB6amptQWFXMVEyMVNxeC03SlVXVEpsVW1BcTlIb2t3Ng==] Content-Type:[application/x-www-form-urlencoded]]
2025/03/27 18:20:05 DEBUG: Token exchange response status: 400, body: {"error":"invalid_request","error_description":"Value passed for the authorization code was invalid."}
2025/03/27 18:20:05 ERROR: Token exchange failed: invalid_request - Value passed for the authorization code was invalid.
2025/03/27 18:20:05 ERROR: Failed to exchange code for token: token exchange failed: invalid_request - Value passed for the authorization code was invalid.
2025/03/27 18:20:05 INFO: OPTIONS /twitter/callback 500 482.024458ms
2025/03/27 18:20:05 INFO: Received callback with state: hycwUFBudUJE0BzCfXcgCSbS1U5SsLj2N-PedIlwSv0, code length: 91
2025/03/27 18:20:05 INFO: Found code verifier for state: hycwUFBudUJE0BzCfXcgCSbS1U5SsLj2N-PedIlwSv0
2025/03/27 18:20:05 INFO: Starting token exchange with code length: 91
2025/03/27 18:20:05 DEBUG: Token exchange request data: map[code:[cm9WdnpRdlVEMXZOUlp2X3hRWlhSQTBTbE52R3NKb1I0NDIwUG0tVGFpWFlROjE3NDMwNzk4MDA2MTY6MToxOmFjOjE] code_verifier:[zrTS7L5nEUMZ9p9b2Y-XfDzQNzWvp7li4xamSbU-3EA] grant_type:[authorization_code] redirect_uri:[http://localhost:5173/twitter/callback]]
2025/03/27 18:20:05 DEBUG: Token exchange request headers: map[Authorization:[Basic WVZwRmREUmZNME0wWXpGNVRXeEVTMHQ2VlhBNk1UcGphUTpMOXJXUGhES1V6U3RfVWJzTTB6amptQWFXMVEyMVNxeC03SlVXVEpsVW1BcTlIb2t3Ng==] Content-Type:[application/x-www-form-urlencoded]]
2025/03/27 18:20:05 DEBUG: Token exchange response status: 200, body: {"token_type":"bearer","expires_in":7200,"access_token":"QUNiejlORXpkMWlMLVBDRUl4U2VrbE1DbDZNS0RtNHdQbmFXRVZfd0pyVGMwOjE3NDMwNzk4MDUyODg6MToxOmF0OjE","scope":"tweet.write users.read tweet.read"}
2025/03/27 18:20:05 INFO: Successfully exchanged code for token. Expires in: 7200 seconds
2025/03/27 18:20:05 INFO: Successfully exchanged code for token and cleaned up state: hycwUFBudUJE0BzCfXcgCSbS1U5SsLj2N-PedIlwSv0
2025/03/27 18:20:05 INFO: OPTIONS /twitter/callback 200 562.649333ms
2025/03/27 18:20:05 INFO: Received callback with state: hycwUFBudUJE0BzCfXcgCSbS1U5SsLj2N-PedIlwSv0, code length: 91
2025/03/27 18:20:05 INFO: State hycwUFBudUJE0BzCfXcgCSbS1U5SsLj2N-PedIlwSv0 already processed, returning success
2025/03/27 18:20:05 INFO: POST /twitter/callback 200 126.334µs
2025/03/27 18:20:05 INFO: OPTIONS /latest_tweet 405 60.416µs
2025/03/27 18:20:05 INFO: OPTIONS /latest_tweet 405 59.417µs
2025/03/27 18:20:05 DEBUG: Token exchange response status: 400, body: {"error":"invalid_request","error_description":"Value passed for the authorization code was invalid."}
2025/03/27 18:20:05 ERROR: Token exchange failed: invalid_request - Value passed for the authorization code was invalid.
2025/03/27 18:20:05 ERROR: Failed to exchange code for token: token exchange failed: invalid_request - Value passed for the authorization code was invalid.
2025/03/27 18:20:05 INFO: POST /twitter/callback 500 327.971459ms
2025/03/27 18:20:06 INFO: GET /latest_tweet 200 628.889583ms
2025/03/27 18:20:06 INFO: GET /latest_tweet 200 627.424333ms
2025/03/27 18:20:10 INFO: OPTIONS /take_screenshot 405 67.75µs
2025/03/27 18:20:10 INFO: Screenshot already exists: screenshots/1904490372023386458.png
2025/03/27 18:20:10 INFO: POST /take_screenshot 200 407.875µs
2025/03/27 18:20:10 INFO: GET //screenshots/1904490372023386458.png 301 54.042µs
2025/03/27 18:20:10 INFO: GET /screenshots/1904490372023386458.png 200 7.833125ms
2025/03/27 18:24:59 INFO: Cleaned up code verifier for state: hycwUFBudUJE0BzCfXcgCSbS1U5SsLj2N-PedIlwSv0
